---
source: tests/example_app_completions.rs
expression: test!(sub_subcommands_command)
---
def 'nu-complete my-app --choice' [] {
  [ "first", "second", ]
}

def 'nu-complete my-app some_cmd sub_cmd --config' [] {
  [ "Lest quotes aren't escaped.", ]
}

# Tests completions
export extern 'my-app' [
  file?: path # some input file
  choice?: string@'nu-complete my-app --choice' # 
  --help(-h) # Print help information
  --version(-V) # Print version information
  --config(-c) # some config file
]

# tests things
export extern 'my-app test' [
  --case: string # the case to test
  --help(-h) # Print help information
  --version(-V) # Print version information
]

# top level subcommand
export extern 'my-app some_cmd' [
  --help(-h) # Print help information
  --version(-V) # Print version information
]

# sub-subcommand
export extern 'my-app some_cmd sub_cmd' [
  --config: string@'nu-complete my-app some_cmd sub_cmd --config' # the other case to test
  --help(-h) # Print help information
  --version(-V) # Print version information
]

# Print this message or the help of the given subcommand(s)
export extern 'my-app some_cmd help' [
  subcommand?: string # The subcommand whose help message to display
]

# Print this message or the help of the given subcommand(s)
export extern 'my-app help' [
  subcommand?: string # The subcommand whose help message to display
]


